2025-10-28 09:28:16.083 [restartedMain] INFO  com.gmail.demo.GmailApplication - Starting GmailApplication using Java 21.0.8 with PID 609054 (/home/sneha/repo/Gmail/target/classes started by sneha in /home/sneha/repo/Gmail)
2025-10-28 09:28:16.085 [restartedMain] INFO  com.gmail.demo.GmailApplication - No active profile set, falling back to 1 default profile: "default"
2025-10-28 09:28:16.141 [restartedMain] INFO  o.s.b.d.e.DevToolsPropertyDefaultsPostProcessor - Devtools property defaults active! Set 'spring.devtools.add-properties' to 'false' to disable
2025-10-28 09:28:16.142 [restartedMain] INFO  o.s.b.d.e.DevToolsPropertyDefaultsPostProcessor - For additional web related logging consider setting the 'logging.level.web' property to 'DEBUG'
2025-10-28 09:28:17.020 [restartedMain] INFO  o.s.d.r.c.RepositoryConfigurationDelegate - Bootstrapping Spring Data JPA repositories in DEFAULT mode.
2025-10-28 09:28:17.119 [restartedMain] INFO  o.s.d.r.c.RepositoryConfigurationDelegate - Finished Spring Data repository scanning in 85 ms. Found 9 JPA repository interfaces.
2025-10-28 09:28:17.807 [restartedMain] INFO  o.s.b.w.e.tomcat.TomcatWebServer - Tomcat initialized with port 8080 (http)
2025-10-28 09:28:17.822 [restartedMain] INFO  o.a.coyote.http11.Http11NioProtocol - Initializing ProtocolHandler ["http-nio-8080"]
2025-10-28 09:28:17.824 [restartedMain] INFO  o.a.catalina.core.StandardService - Starting service [Tomcat]
2025-10-28 09:28:17.824 [restartedMain] INFO  o.a.catalina.core.StandardEngine - Starting Servlet engine: [Apache Tomcat/10.1.43]
2025-10-28 09:28:17.885 [restartedMain] INFO  o.a.c.c.C.[Tomcat].[localhost].[/] - Initializing Spring embedded WebApplicationContext
2025-10-28 09:28:17.886 [restartedMain] INFO  o.s.b.w.s.c.ServletWebServerApplicationContext - Root WebApplicationContext: initialization completed in 1743 ms
2025-10-28 09:28:18.125 [restartedMain] INFO  o.h.jpa.internal.util.LogHelper - HHH000204: Processing PersistenceUnitInfo [name: default]
2025-10-28 09:28:18.222 [restartedMain] INFO  org.hibernate.Version - HHH000412: Hibernate ORM core version 6.6.22.Final
2025-10-28 09:28:18.261 [restartedMain] INFO  o.h.c.i.RegionFactoryInitiator - HHH000026: Second-level cache disabled
2025-10-28 09:28:18.563 [restartedMain] INFO  o.s.o.j.p.SpringPersistenceUnitInfo - No LoadTimeWeaver setup: ignoring JPA class transformer
2025-10-28 09:28:18.594 [restartedMain] INFO  com.zaxxer.hikari.HikariDataSource - HikariPool-1 - Starting...
2025-10-28 09:28:18.780 [restartedMain] INFO  com.zaxxer.hikari.pool.HikariPool - HikariPool-1 - Added connection conn0: url=jdbc:h2:mem:h2db user=SA
2025-10-28 09:28:18.782 [restartedMain] INFO  com.zaxxer.hikari.HikariDataSource - HikariPool-1 - Start completed.
2025-10-28 09:28:18.807 [restartedMain] WARN  org.hibernate.orm.deprecation - HHH90000025: H2Dialect does not need to be specified explicitly using 'hibernate.dialect' (remove the property setting and it will be selected by default)
2025-10-28 09:28:18.832 [restartedMain] INFO  o.hibernate.orm.connections.pooling - HHH10001005: Database info:
	Database JDBC URL [Connecting through datasource 'HikariDataSource (HikariPool-1)']
	Database driver: undefined/unknown
	Database version: 2.3.232
	Autocommit mode: undefined/unknown
	Isolation level: undefined/unknown
	Minimum pool size: undefined/unknown
	Maximum pool size: undefined/unknown
2025-10-28 09:28:20.009 [restartedMain] INFO  o.h.e.t.j.p.i.JtaPlatformInitiator - HHH000489: No JTA platform available (set 'hibernate.transaction.jta.platform' to enable JTA platform integration)
2025-10-28 09:28:20.117 [restartedMain] INFO  o.s.o.j.LocalContainerEntityManagerFactoryBean - Initialized JPA EntityManagerFactory for persistence unit 'default'
2025-10-28 09:28:20.492 [restartedMain] INFO  o.s.d.j.r.query.QueryEnhancerFactory - Hibernate is in classpath; If applicable, HQL parser will be used.
2025-10-28 09:28:25.043 [restartedMain] WARN  o.s.b.a.o.j.JpaBaseConfiguration$JpaWebConfiguration - spring.jpa.open-in-view is enabled by default. Therefore, database queries may be performed during view rendering. Explicitly configure spring.jpa.open-in-view to disable this warning
2025-10-28 09:28:25.128 [restartedMain] INFO  o.s.b.a.w.s.WelcomePageHandlerMapping - Adding welcome page template: index
2025-10-28 09:28:25.590 [restartedMain] INFO  o.s.s.c.a.a.c.InitializeAuthenticationProviderBeanManagerConfigurer$InitializeAuthenticationProviderManagerConfigurer - Global AuthenticationManager configured with AuthenticationProvider bean with name authenticationProvider
2025-10-28 09:28:25.592 [restartedMain] WARN  o.s.s.c.a.a.c.InitializeUserDetailsBeanManagerConfigurer$InitializeUserDetailsManagerConfigurer - Global AuthenticationManager configured with an AuthenticationProvider bean. UserDetailsService beans will not be used by Spring Security for automatically configuring username/password login. Consider removing the AuthenticationProvider bean. Alternatively, consider using the UserDetailsService in a manually instantiated DaoAuthenticationProvider. If the current configuration is intentional, to turn off this warning, increase the logging level of 'org.springframework.security.config.annotation.authentication.configuration.InitializeUserDetailsBeanManagerConfigurer' to ERROR
2025-10-28 09:28:26.254 [restartedMain] INFO  o.s.b.a.h.H2ConsoleAutoConfiguration - H2 console available at '/h2-console'. Database available at 'jdbc:h2:mem:h2db'
2025-10-28 09:28:26.433 [restartedMain] INFO  o.s.b.d.a.OptionalLiveReloadServer - LiveReload server is running on port 35729
2025-10-28 09:28:26.478 [restartedMain] INFO  o.a.coyote.http11.Http11NioProtocol - Starting ProtocolHandler ["http-nio-8080"]
2025-10-28 09:28:26.498 [restartedMain] INFO  o.s.b.w.e.tomcat.TomcatWebServer - Tomcat started on port 8080 (http) with context path '/'
2025-10-28 09:28:26.523 [restartedMain] INFO  com.gmail.demo.GmailApplication - Started GmailApplication in 11.018 seconds (process running for 11.865)
2025-10-28 09:30:37.345 [http-nio-8080-exec-1] INFO  o.a.c.c.C.[Tomcat].[localhost].[/] - Initializing Spring DispatcherServlet 'dispatcherServlet'
2025-10-28 09:30:37.347 [http-nio-8080-exec-1] INFO  o.s.web.servlet.DispatcherServlet - Initializing Servlet 'dispatcherServlet'
2025-10-28 09:30:37.349 [http-nio-8080-exec-1] INFO  o.s.web.servlet.DispatcherServlet - Completed initialization in 2 ms
2025-10-28 09:30:37.496 [http-nio-8080-exec-2] INFO  c.g.demo.Controller.EmailController - getLabelList (+)
2025-10-28 09:30:39.124 [http-nio-8080-exec-2] INFO  c.g.demo.Controller.EmailController - getLabelList (-)
2025-10-28 09:32:53.579 [http-nio-8080-exec-1] INFO  c.g.demo.Controller.EmailController - getLabelList (+)
2025-10-28 09:32:53.618 [http-nio-8080-exec-9] INFO  c.g.demo.Controller.EmailController - mailData (+)
2025-10-28 09:32:53.620 [http-nio-8080-exec-9] INFO  c.g.demo.service.api.EmailService - fetchEmails (+)
2025-10-28 09:32:53.626 [http-nio-8080-exec-9] INFO  c.g.demo.service.api.EmailService - fetchEmails param : folder : + INBOX/personal, page : 0, size : 50
2025-10-28 09:32:53.627 [http-nio-8080-exec-9] INFO  c.g.demo.service.api.EmailService - fetchEmails : personal and inbox mails
2025-10-28 09:32:53.722 [http-nio-8080-exec-9] INFO  c.g.demo.service.api.EmailService - fetchEmails : mails.getTotalElements() 4
2025-10-28 09:32:53.723 [http-nio-8080-exec-9] INFO  c.g.demo.service.api.EmailService - fetchEmails : mails Page 1 of 1 containing com.gmail.demo.entity.EmailMetadata instances
2025-10-28 09:32:53.724 [http-nio-8080-exec-9] INFO  c.g.demo.service.api.EmailService - fetchEmails (-)
2025-10-28 09:32:53.724 [http-nio-8080-exec-9] INFO  c.g.demo.Controller.EmailController - mailData (-)
2025-10-28 09:32:53.838 [http-nio-8080-exec-2] INFO  c.g.demo.Controller.EmailController - syncFolder (+)
2025-10-28 09:32:53.838 [http-nio-8080-exec-2] INFO  c.g.demo.service.api.EmailService - callSyncFolder (+)
2025-10-28 09:32:53.838 [http-nio-8080-exec-2] INFO  c.g.demo.service.api.EmailService - callSyncFolder param : folderName INBOX/personal
2025-10-28 09:32:55.235 [http-nio-8080-exec-1] INFO  c.g.demo.Controller.EmailController - getLabelList (-)
2025-10-28 09:32:55.247 [http-nio-8080-exec-3] INFO  c.g.demo.Controller.EmailController - getLabelList (+)
2025-10-28 09:32:56.818 [http-nio-8080-exec-3] INFO  c.g.demo.Controller.EmailController - getLabelList (-)
2025-10-28 09:33:01.352 [http-nio-8080-exec-2] INFO  c.g.demo.service.api.EmailService - callSyncFolder (-)
2025-10-28 09:33:01.354 [http-nio-8080-exec-2] INFO  c.g.demo.Controller.EmailController - syncFolder (-)
2025-10-28 09:33:50.212 [http-nio-8080-exec-5] INFO  c.g.demo.Controller.EmailController - mailData (+)
2025-10-28 09:33:50.213 [http-nio-8080-exec-5] INFO  c.g.demo.service.api.EmailService - fetchEmails (+)
2025-10-28 09:33:50.215 [http-nio-8080-exec-5] INFO  c.g.demo.service.api.EmailService - fetchEmails param : folder : + INBOX/updates, page : 0, size : 50
2025-10-28 09:33:50.231 [http-nio-8080-exec-5] INFO  c.g.demo.service.api.EmailService - fetchEmails : mails.getTotalElements() 9
2025-10-28 09:33:50.232 [http-nio-8080-exec-5] INFO  c.g.demo.service.api.EmailService - fetchEmails : mails Page 1 of 1 containing com.gmail.demo.entity.EmailMetadata instances
2025-10-28 09:33:50.232 [http-nio-8080-exec-5] INFO  c.g.demo.service.api.EmailService - fetchEmails (-)
2025-10-28 09:33:50.232 [http-nio-8080-exec-5] INFO  c.g.demo.Controller.EmailController - mailData (-)
2025-10-28 09:33:50.264 [http-nio-8080-exec-8] INFO  c.g.demo.Controller.EmailController - syncFolder (+)
2025-10-28 09:33:50.265 [http-nio-8080-exec-8] INFO  c.g.demo.service.api.EmailService - callSyncFolder (+)
2025-10-28 09:33:50.267 [http-nio-8080-exec-8] INFO  c.g.demo.service.api.EmailService - callSyncFolder param : folderName INBOX/updates
2025-10-28 09:33:51.954 [http-nio-8080-exec-6] INFO  c.g.demo.Controller.EmailController - mailData (+)
2025-10-28 09:33:51.955 [http-nio-8080-exec-6] INFO  c.g.demo.service.api.EmailService - fetchEmails (+)
2025-10-28 09:33:51.955 [http-nio-8080-exec-6] INFO  c.g.demo.service.api.EmailService - fetchEmails param : folder : + INBOX/promotions, page : 0, size : 50
2025-10-28 09:33:51.958 [http-nio-8080-exec-6] INFO  c.g.demo.service.api.EmailService - fetchEmails : mails.getTotalElements() 0
2025-10-28 09:33:51.959 [http-nio-8080-exec-6] INFO  c.g.demo.service.api.EmailService - fetchEmails : mails Page 1 of 0 containing UNKNOWN instances
2025-10-28 09:33:51.959 [http-nio-8080-exec-6] INFO  c.g.demo.service.api.EmailService - fetchEmails (-)
2025-10-28 09:33:51.959 [http-nio-8080-exec-6] INFO  c.g.demo.Controller.EmailController - mailData (-)
2025-10-28 09:33:55.731 [http-nio-8080-exec-8] INFO  c.g.demo.service.api.EmailService - callSyncFolder (-)
2025-10-28 09:33:55.732 [http-nio-8080-exec-8] INFO  c.g.demo.Controller.EmailController - syncFolder (-)
2025-10-28 09:33:55.740 [http-nio-8080-exec-10] INFO  c.g.demo.Controller.EmailController - syncFolder (+)
2025-10-28 09:33:55.740 [http-nio-8080-exec-10] INFO  c.g.demo.service.api.EmailService - callSyncFolder (+)
2025-10-28 09:33:55.740 [http-nio-8080-exec-10] INFO  c.g.demo.service.api.EmailService - callSyncFolder param : folderName INBOX/promotions
2025-10-28 09:34:00.970 [http-nio-8080-exec-10] INFO  c.g.demo.service.api.EmailService - callSyncFolder (-)
2025-10-28 09:34:00.971 [http-nio-8080-exec-10] INFO  c.g.demo.Controller.EmailController - syncFolder (-)
2025-10-28 09:34:43.381 [http-nio-8080-exec-9] INFO  c.g.demo.Controller.EmailController - mailData (+)
2025-10-28 09:34:43.381 [http-nio-8080-exec-9] INFO  c.g.demo.service.api.EmailService - fetchEmails (+)
2025-10-28 09:34:43.381 [http-nio-8080-exec-9] INFO  c.g.demo.service.api.EmailService - fetchEmails param : folder : + INBOX/social, page : 0, size : 50
2025-10-28 09:34:43.383 [http-nio-8080-exec-9] INFO  c.g.demo.service.api.EmailService - fetchEmails : mails.getTotalElements() 0
2025-10-28 09:34:43.383 [http-nio-8080-exec-9] INFO  c.g.demo.service.api.EmailService - fetchEmails : mails Page 1 of 0 containing UNKNOWN instances
2025-10-28 09:34:43.383 [http-nio-8080-exec-9] INFO  c.g.demo.service.api.EmailService - fetchEmails (-)
2025-10-28 09:34:43.383 [http-nio-8080-exec-9] INFO  c.g.demo.Controller.EmailController - mailData (-)
2025-10-28 09:34:43.394 [http-nio-8080-exec-1] INFO  c.g.demo.Controller.EmailController - syncFolder (+)
2025-10-28 09:34:43.394 [http-nio-8080-exec-1] INFO  c.g.demo.service.api.EmailService - callSyncFolder (+)
2025-10-28 09:34:43.394 [http-nio-8080-exec-1] INFO  c.g.demo.service.api.EmailService - callSyncFolder param : folderName INBOX/social
2025-10-28 09:34:44.412 [http-nio-8080-exec-3] INFO  c.g.demo.Controller.EmailController - mailData (+)
2025-10-28 09:34:44.412 [http-nio-8080-exec-3] INFO  c.g.demo.service.api.EmailService - fetchEmails (+)
2025-10-28 09:34:44.412 [http-nio-8080-exec-3] INFO  c.g.demo.service.api.EmailService - fetchEmails param : folder : + INBOX/updates, page : 0, size : 50
2025-10-28 09:34:44.427 [http-nio-8080-exec-3] INFO  c.g.demo.service.api.EmailService - fetchEmails : mails.getTotalElements() 9
2025-10-28 09:34:44.428 [http-nio-8080-exec-3] INFO  c.g.demo.service.api.EmailService - fetchEmails : mails Page 1 of 1 containing com.gmail.demo.entity.EmailMetadata instances
2025-10-28 09:34:44.428 [http-nio-8080-exec-3] INFO  c.g.demo.service.api.EmailService - fetchEmails (-)
2025-10-28 09:34:44.428 [http-nio-8080-exec-3] INFO  c.g.demo.Controller.EmailController - mailData (-)
2025-10-28 09:34:51.722 [http-nio-8080-exec-1] INFO  c.g.demo.service.api.EmailService - callSyncFolder (-)
2025-10-28 09:34:51.722 [http-nio-8080-exec-1] INFO  c.g.demo.Controller.EmailController - syncFolder (-)
2025-10-28 09:34:51.731 [http-nio-8080-exec-2] INFO  c.g.demo.Controller.EmailController - syncFolder (+)
2025-10-28 09:34:51.732 [http-nio-8080-exec-2] INFO  c.g.demo.service.api.EmailService - callSyncFolder (+)
2025-10-28 09:34:51.733 [http-nio-8080-exec-2] INFO  c.g.demo.service.api.EmailService - callSyncFolder param : folderName INBOX/updates
2025-10-28 09:34:58.262 [http-nio-8080-exec-2] INFO  c.g.demo.service.api.EmailService - callSyncFolder (-)
2025-10-28 09:34:58.263 [http-nio-8080-exec-2] INFO  c.g.demo.Controller.EmailController - syncFolder (-)
2025-10-28 09:35:03.112 [http-nio-8080-exec-4] INFO  c.g.demo.Controller.EmailController - mailData (+)
2025-10-28 09:35:03.114 [http-nio-8080-exec-4] INFO  c.g.demo.service.api.EmailService - fetchEmails (+)
2025-10-28 09:35:03.116 [http-nio-8080-exec-4] INFO  c.g.demo.service.api.EmailService - fetchEmails param : folder : + [Gmail]/Trash, page : 0, size : 50
2025-10-28 09:35:03.123 [http-nio-8080-exec-4] INFO  c.g.demo.service.api.EmailService - fetchEmails : mails.getTotalElements() 0
2025-10-28 09:35:03.123 [http-nio-8080-exec-4] INFO  c.g.demo.service.api.EmailService - fetchEmails : mails Page 1 of 0 containing UNKNOWN instances
2025-10-28 09:35:03.124 [http-nio-8080-exec-4] INFO  c.g.demo.service.api.EmailService - fetchEmails (-)
2025-10-28 09:35:03.124 [http-nio-8080-exec-4] INFO  c.g.demo.Controller.EmailController - mailData (-)
2025-10-28 09:35:03.134 [http-nio-8080-exec-5] INFO  c.g.demo.Controller.EmailController - syncFolder (+)
2025-10-28 09:35:03.134 [http-nio-8080-exec-5] INFO  c.g.demo.service.api.EmailService - callSyncFolder (+)
2025-10-28 09:35:03.134 [http-nio-8080-exec-5] INFO  c.g.demo.service.api.EmailService - callSyncFolder param : folderName [Gmail]/Trash
2025-10-28 09:35:04.862 [http-nio-8080-exec-6] INFO  c.g.demo.Controller.EmailController - mailData (+)
2025-10-28 09:35:04.862 [http-nio-8080-exec-6] INFO  c.g.demo.service.api.EmailService - fetchEmails (+)
2025-10-28 09:35:04.863 [http-nio-8080-exec-6] INFO  c.g.demo.service.api.EmailService - fetchEmails param : folder : + [Gmail]/Spam, page : 0, size : 50
2025-10-28 09:35:04.869 [http-nio-8080-exec-6] INFO  c.g.demo.service.api.EmailService - fetchEmails : mails.getTotalElements() 3
2025-10-28 09:35:04.870 [http-nio-8080-exec-6] INFO  c.g.demo.service.api.EmailService - fetchEmails : mails Page 1 of 1 containing com.gmail.demo.entity.EmailMetadata instances
2025-10-28 09:35:04.870 [http-nio-8080-exec-6] INFO  c.g.demo.service.api.EmailService - fetchEmails (-)
2025-10-28 09:35:04.870 [http-nio-8080-exec-6] INFO  c.g.demo.Controller.EmailController - mailData (-)
2025-10-28 09:35:05.553 [http-nio-8080-exec-5] INFO  c.g.demo.service.api.EmailService - callSyncFolder (-)
2025-10-28 09:35:05.553 [http-nio-8080-exec-5] INFO  c.g.demo.Controller.EmailController - syncFolder (-)
2025-10-28 09:35:05.568 [http-nio-8080-exec-8] INFO  c.g.demo.Controller.EmailController - syncFolder (+)
2025-10-28 09:35:05.569 [http-nio-8080-exec-8] INFO  c.g.demo.service.api.EmailService - callSyncFolder (+)
2025-10-28 09:35:05.569 [http-nio-8080-exec-8] INFO  c.g.demo.service.api.EmailService - callSyncFolder param : folderName [Gmail]/Spam
2025-10-28 09:35:08.634 [http-nio-8080-exec-8] INFO  c.g.demo.service.api.EmailService - callSyncFolder (-)
2025-10-28 09:35:08.635 [http-nio-8080-exec-8] INFO  c.g.demo.Controller.EmailController - syncFolder (-)
2025-10-28 09:35:10.659 [http-nio-8080-exec-7] INFO  c.g.demo.Controller.EmailController - mailData (+)
2025-10-28 09:35:10.660 [http-nio-8080-exec-7] INFO  c.g.demo.service.api.EmailService - fetchEmails (+)
2025-10-28 09:35:10.662 [http-nio-8080-exec-7] INFO  c.g.demo.service.api.EmailService - fetchEmails param : folder : + [Gmail]/Important, page : 0, size : 50
2025-10-28 09:35:10.665 [http-nio-8080-exec-7] INFO  c.g.demo.service.api.EmailService - fetchEmails : mails.getTotalElements() 1
2025-10-28 09:35:10.665 [http-nio-8080-exec-7] INFO  c.g.demo.service.api.EmailService - fetchEmails : mails Page 1 of 1 containing com.gmail.demo.entity.EmailMetadata instances
2025-10-28 09:35:10.665 [http-nio-8080-exec-7] INFO  c.g.demo.service.api.EmailService - fetchEmails (-)
2025-10-28 09:35:10.665 [http-nio-8080-exec-7] INFO  c.g.demo.Controller.EmailController - mailData (-)
2025-10-28 09:35:10.680 [http-nio-8080-exec-10] INFO  c.g.demo.Controller.EmailController - syncFolder (+)
2025-10-28 09:35:10.681 [http-nio-8080-exec-10] INFO  c.g.demo.service.api.EmailService - callSyncFolder (+)
2025-10-28 09:35:10.681 [http-nio-8080-exec-10] INFO  c.g.demo.service.api.EmailService - callSyncFolder param : folderName [Gmail]/Important
2025-10-28 09:35:13.466 [http-nio-8080-exec-10] INFO  c.g.demo.service.api.EmailService - callSyncFolder (-)
2025-10-28 09:35:13.467 [http-nio-8080-exec-10] INFO  c.g.demo.Controller.EmailController - syncFolder (-)
2025-10-28 09:35:15.345 [http-nio-8080-exec-9] INFO  c.g.demo.Controller.EmailController - mailData (+)
2025-10-28 09:35:15.345 [http-nio-8080-exec-9] INFO  c.g.demo.service.api.EmailService - fetchEmails (+)
2025-10-28 09:35:15.345 [http-nio-8080-exec-9] INFO  c.g.demo.service.api.EmailService - fetchEmails param : folder : + INBOX/personal, page : 0, size : 50
2025-10-28 09:35:15.346 [http-nio-8080-exec-9] INFO  c.g.demo.service.api.EmailService - fetchEmails : personal and inbox mails
2025-10-28 09:35:15.348 [http-nio-8080-exec-9] INFO  c.g.demo.service.api.EmailService - fetchEmails : mails.getTotalElements() 4
2025-10-28 09:35:15.349 [http-nio-8080-exec-9] INFO  c.g.demo.service.api.EmailService - fetchEmails : mails Page 1 of 1 containing com.gmail.demo.entity.EmailMetadata instances
2025-10-28 09:35:15.349 [http-nio-8080-exec-9] INFO  c.g.demo.service.api.EmailService - fetchEmails (-)
2025-10-28 09:35:15.349 [http-nio-8080-exec-9] INFO  c.g.demo.Controller.EmailController - mailData (-)
2025-10-28 09:35:15.359 [http-nio-8080-exec-3] INFO  c.g.demo.Controller.EmailController - syncFolder (+)
2025-10-28 09:35:15.359 [http-nio-8080-exec-3] INFO  c.g.demo.service.api.EmailService - callSyncFolder (+)
2025-10-28 09:35:15.359 [http-nio-8080-exec-3] INFO  c.g.demo.service.api.EmailService - callSyncFolder param : folderName INBOX/personal
2025-10-28 09:35:16.457 [http-nio-8080-exec-1] INFO  c.g.demo.Controller.EmailController - mailData (+)
2025-10-28 09:35:16.457 [http-nio-8080-exec-1] INFO  c.g.demo.service.api.EmailService - fetchEmails (+)
2025-10-28 09:35:16.458 [http-nio-8080-exec-1] INFO  c.g.demo.service.api.EmailService - fetchEmails param : folder : + [Gmail]/Starred, page : 0, size : 50
2025-10-28 09:35:16.462 [http-nio-8080-exec-1] INFO  c.g.demo.service.api.EmailService - fetchEmails : mails.getTotalElements() 3
2025-10-28 09:35:16.462 [http-nio-8080-exec-1] INFO  c.g.demo.service.api.EmailService - fetchEmails : mails Page 1 of 1 containing com.gmail.demo.entity.EmailMetadata instances
2025-10-28 09:35:16.462 [http-nio-8080-exec-1] INFO  c.g.demo.service.api.EmailService - fetchEmails (-)
2025-10-28 09:35:16.462 [http-nio-8080-exec-1] INFO  c.g.demo.Controller.EmailController - mailData (-)
2025-10-28 09:35:19.093 [http-nio-8080-exec-2] INFO  c.g.demo.Controller.EmailController - mailData (+)
2025-10-28 09:35:19.093 [http-nio-8080-exec-2] INFO  c.g.demo.service.api.EmailService - fetchEmails (+)
2025-10-28 09:35:19.093 [http-nio-8080-exec-2] INFO  c.g.demo.service.api.EmailService - fetchEmails param : folder : + [Gmail]/All Mail, page : 0, size : 50
2025-10-28 09:35:19.107 [http-nio-8080-exec-2] INFO  c.g.demo.service.api.EmailService - fetchEmails : mails.getTotalElements() 20
2025-10-28 09:35:19.108 [http-nio-8080-exec-2] INFO  c.g.demo.service.api.EmailService - fetchEmails : mails Page 1 of 1 containing com.gmail.demo.entity.EmailMetadata instances
2025-10-28 09:35:19.108 [http-nio-8080-exec-2] INFO  c.g.demo.service.api.EmailService - fetchEmails (-)
2025-10-28 09:35:19.108 [http-nio-8080-exec-2] INFO  c.g.demo.Controller.EmailController - mailData (-)
2025-10-28 09:35:20.473 [http-nio-8080-exec-3] INFO  c.g.demo.service.api.EmailService - callSyncFolder (-)
2025-10-28 09:35:20.473 [http-nio-8080-exec-3] INFO  c.g.demo.Controller.EmailController - syncFolder (-)
2025-10-28 09:35:20.484 [http-nio-8080-exec-4] INFO  c.g.demo.Controller.EmailController - syncFolder (+)
2025-10-28 09:35:20.484 [http-nio-8080-exec-4] INFO  c.g.demo.service.api.EmailService - callSyncFolder (+)
2025-10-28 09:35:20.484 [http-nio-8080-exec-4] INFO  c.g.demo.service.api.EmailService - callSyncFolder param : folderName [Gmail]/Starred
2025-10-28 09:35:23.563 [http-nio-8080-exec-4] INFO  c.g.demo.service.api.EmailService - callSyncFolder (-)
2025-10-28 09:35:23.563 [http-nio-8080-exec-4] INFO  c.g.demo.Controller.EmailController - syncFolder (-)
2025-10-28 09:35:23.576 [http-nio-8080-exec-6] INFO  c.g.demo.Controller.EmailController - syncFolder (+)
2025-10-28 09:35:23.577 [http-nio-8080-exec-6] INFO  c.g.demo.service.api.EmailService - callSyncFolder (+)
2025-10-28 09:35:23.577 [http-nio-8080-exec-6] INFO  c.g.demo.service.api.EmailService - callSyncFolder param : folderName [Gmail]/All Mail
2025-10-28 09:35:25.203 [http-nio-8080-exec-5] INFO  c.g.demo.Controller.EmailController - importantFlagManipulation (+)
2025-10-28 09:35:25.204 [http-nio-8080-exec-5] INFO  c.g.demo.service.api.EmailService - importantFlagManipulation (+)
2025-10-28 09:35:25.204 [http-nio-8080-exec-5] INFO  c.g.demo.service.api.EmailService - importantFlagManipulation param : ids [28, 30]
2025-10-28 09:35:25.204 [http-nio-8080-exec-5] INFO  c.g.demo.service.api.EmailService - importantFlagManipulation param : folderName [Gmail]/All Mail
2025-10-28 09:35:26.368 [http-nio-8080-exec-5] INFO  c.g.demo.service.api.EmailService - importantFlagManipulation : searchFolder [Gmail]/All Mail
2025-10-28 09:35:28.342 [http-nio-8080-exec-5] INFO  c.g.demo.service.api.EmailService - importantFlagManipulation : id 28
2025-10-28 09:35:28.343 [http-nio-8080-exec-5] INFO  c.g.demo.service.api.EmailService - importantFlagManipulation : folderName [Gmail]/All Mail
2025-10-28 09:35:28.355 [http-nio-8080-exec-5] INFO  c.g.demo.service.api.EmailService - importantFlagManipulation : uid 454
2025-10-28 09:35:28.982 [http-nio-8080-exec-5] INFO  c.g.demo.service.api.EmailService - importantFlagManipulation : message moved from sourceFolder [Gmail]/All Mail importantFolder [Gmail]/Important
2025-10-28 09:35:28.983 [http-nio-8080-exec-5] INFO  c.g.demo.service.api.EmailService - importantFlagManipulation : id 30
2025-10-28 09:35:28.984 [http-nio-8080-exec-5] INFO  c.g.demo.service.api.EmailService - importantFlagManipulation : folderName [Gmail]/All Mail
2025-10-28 09:35:28.997 [http-nio-8080-exec-5] INFO  c.g.demo.service.api.EmailService - importantFlagManipulation : uid 439
2025-10-28 09:35:29.639 [http-nio-8080-exec-5] INFO  c.g.demo.service.api.EmailService - importantFlagManipulation : message moved from sourceFolder [Gmail]/All Mail importantFolder [Gmail]/Important
2025-10-28 09:35:30.234 [http-nio-8080-exec-6] INFO  c.g.demo.service.api.EmailService - callSyncFolder (-)
2025-10-28 09:35:30.234 [http-nio-8080-exec-6] INFO  c.g.demo.Controller.EmailController - syncFolder (-)
2025-10-28 09:35:30.459 [http-nio-8080-exec-5] INFO  c.g.demo.service.api.EmailService - importantFlagManipulation (-)
2025-10-28 09:35:30.459 [http-nio-8080-exec-5] INFO  c.g.demo.Controller.EmailController - importantFlagManipulation (-)
2025-10-28 09:35:30.471 [http-nio-8080-exec-8] INFO  c.g.demo.Controller.EmailController - mailData (+)
2025-10-28 09:35:30.473 [http-nio-8080-exec-8] INFO  c.g.demo.service.api.EmailService - fetchEmails (+)
2025-10-28 09:35:30.475 [http-nio-8080-exec-8] INFO  c.g.demo.service.api.EmailService - fetchEmails param : folder : + [Gmail]/All Mail, page : 0, size : 50
2025-10-28 09:35:30.509 [http-nio-8080-exec-8] INFO  c.g.demo.service.api.EmailService - fetchEmails : mails.getTotalElements() 20
2025-10-28 09:35:30.512 [http-nio-8080-exec-8] INFO  c.g.demo.service.api.EmailService - fetchEmails : mails Page 1 of 1 containing com.gmail.demo.entity.EmailMetadata instances
2025-10-28 09:35:30.512 [http-nio-8080-exec-8] INFO  c.g.demo.service.api.EmailService - fetchEmails (-)
2025-10-28 09:35:30.512 [http-nio-8080-exec-8] INFO  c.g.demo.Controller.EmailController - mailData (-)
2025-10-28 09:35:30.549 [http-nio-8080-exec-7] INFO  c.g.demo.Controller.EmailController - syncFolder (+)
2025-10-28 09:35:30.549 [http-nio-8080-exec-7] INFO  c.g.demo.service.api.EmailService - callSyncFolder (+)
2025-10-28 09:35:30.549 [http-nio-8080-exec-7] INFO  c.g.demo.service.api.EmailService - callSyncFolder param : folderName [Gmail]/All Mail
2025-10-28 09:35:37.162 [http-nio-8080-exec-7] INFO  c.g.demo.service.api.EmailService - callSyncFolder (-)
2025-10-28 09:35:37.163 [http-nio-8080-exec-7] INFO  c.g.demo.Controller.EmailController - syncFolder (-)
2025-10-28 09:36:25.172 [http-nio-8080-exec-9] INFO  c.g.demo.Controller.EmailController - mailData (+)
2025-10-28 09:36:25.172 [http-nio-8080-exec-9] INFO  c.g.demo.service.api.EmailService - fetchEmails (+)
2025-10-28 09:36:25.173 [http-nio-8080-exec-9] INFO  c.g.demo.service.api.EmailService - fetchEmails param : folder : + [Gmail]/Important, page : 0, size : 50
2025-10-28 09:36:25.174 [http-nio-8080-exec-9] INFO  c.g.demo.service.api.EmailService - fetchEmails : mails.getTotalElements() 1
2025-10-28 09:36:25.174 [http-nio-8080-exec-9] INFO  c.g.demo.service.api.EmailService - fetchEmails : mails Page 1 of 1 containing com.gmail.demo.entity.EmailMetadata instances
2025-10-28 09:36:25.175 [http-nio-8080-exec-9] INFO  c.g.demo.service.api.EmailService - fetchEmails (-)
2025-10-28 09:36:25.175 [http-nio-8080-exec-9] INFO  c.g.demo.Controller.EmailController - mailData (-)
2025-10-28 09:36:25.195 [http-nio-8080-exec-2] INFO  c.g.demo.Controller.EmailController - syncFolder (+)
2025-10-28 09:36:25.195 [http-nio-8080-exec-2] INFO  c.g.demo.service.api.EmailService - callSyncFolder (+)
2025-10-28 09:36:25.195 [http-nio-8080-exec-2] INFO  c.g.demo.service.api.EmailService - callSyncFolder param : folderName [Gmail]/Important
2025-10-28 09:36:27.111 [http-nio-8080-exec-3] INFO  c.g.demo.Controller.EmailController - mailData (+)
2025-10-28 09:36:27.112 [http-nio-8080-exec-3] INFO  c.g.demo.service.api.EmailService - fetchEmails (+)
2025-10-28 09:36:27.112 [http-nio-8080-exec-3] INFO  c.g.demo.service.api.EmailService - fetchEmails param : folder : + [Gmail]/Important, page : 0, size : 50
2025-10-28 09:36:27.114 [http-nio-8080-exec-3] INFO  c.g.demo.service.api.EmailService - fetchEmails : mails.getTotalElements() 1
2025-10-28 09:36:27.115 [http-nio-8080-exec-3] INFO  c.g.demo.service.api.EmailService - fetchEmails : mails Page 1 of 1 containing com.gmail.demo.entity.EmailMetadata instances
2025-10-28 09:36:27.115 [http-nio-8080-exec-3] INFO  c.g.demo.service.api.EmailService - fetchEmails (-)
2025-10-28 09:36:27.115 [http-nio-8080-exec-3] INFO  c.g.demo.Controller.EmailController - mailData (-)
2025-10-28 09:36:40.436 [http-nio-8080-exec-2] INFO  c.g.demo.service.api.EmailService - callSyncFolder (-)
2025-10-28 09:36:40.437 [http-nio-8080-exec-2] INFO  c.g.demo.Controller.EmailController - syncFolder (-)
2025-10-28 09:36:40.451 [http-nio-8080-exec-5] INFO  c.g.demo.Controller.EmailController - syncFolder (+)
2025-10-28 09:36:40.451 [http-nio-8080-exec-5] INFO  c.g.demo.service.api.EmailService - callSyncFolder (+)
2025-10-28 09:36:40.451 [http-nio-8080-exec-5] INFO  c.g.demo.service.api.EmailService - callSyncFolder param : folderName [Gmail]/Important
2025-10-28 09:36:52.465 [http-nio-8080-exec-5] INFO  c.g.demo.service.api.EmailService - callSyncFolder (-)
2025-10-28 09:36:52.466 [http-nio-8080-exec-5] INFO  c.g.demo.Controller.EmailController - syncFolder (-)
2025-10-28 09:37:26.939 [RMI TCP Connection(11)-127.0.0.1] INFO  o.s.b.a.SpringApplicationAdminMXBeanRegistrar$SpringApplicationAdmin - Application shutdown requested.
2025-10-28 09:37:26.945 [RMI TCP Connection(11)-127.0.0.1] INFO  o.s.b.w.e.tomcat.GracefulShutdown - Commencing graceful shutdown. Waiting for active requests to complete
2025-10-28 09:37:26.947 [tomcat-shutdown] INFO  o.a.coyote.http11.Http11NioProtocol - Pausing ProtocolHandler ["http-nio-8080"]
2025-10-28 09:37:26.949 [tomcat-shutdown] INFO  o.s.b.w.e.tomcat.GracefulShutdown - Graceful shutdown complete
2025-10-28 09:37:26.950 [RMI TCP Connection(11)-127.0.0.1] INFO  o.a.coyote.http11.Http11NioProtocol - Stopping ProtocolHandler ["http-nio-8080"]
2025-10-28 09:37:26.959 [RMI TCP Connection(11)-127.0.0.1] INFO  o.s.o.j.LocalContainerEntityManagerFactoryBean - Closing JPA EntityManagerFactory for persistence unit 'default'
2025-10-28 09:37:26.975 [RMI TCP Connection(11)-127.0.0.1] WARN  o.s.b.f.s.DisposableBeanAdapter - Invocation of destroy method failed on bean with name 'inMemoryDatabaseShutdownExecutor': org.h2.jdbc.JdbcSQLNonTransientConnectionException: Database is already closed (to disable automatic closing at VM shutdown, add ";DB_CLOSE_ON_EXIT=FALSE" to the db URL) [90121-232]
2025-10-28 09:37:26.976 [RMI TCP Connection(11)-127.0.0.1] INFO  com.zaxxer.hikari.HikariDataSource - HikariPool-1 - Shutdown initiated...
2025-10-28 09:37:26.978 [RMI TCP Connection(11)-127.0.0.1] INFO  com.zaxxer.hikari.HikariDataSource - HikariPool-1 - Shutdown completed.
