2025-10-30 18:51:25.108 [restartedMain] INFO  com.gmail.demo.GmailApplication - Starting GmailApplication using Java 21.0.8 with PID 810061 (/home/sneha/repo/Gmail/target/classes started by sneha in /home/sneha/repo/Gmail)
2025-10-30 18:51:25.111 [restartedMain] INFO  com.gmail.demo.GmailApplication - No active profile set, falling back to 1 default profile: "default"
2025-10-30 18:51:25.165 [restartedMain] INFO  o.s.b.d.e.DevToolsPropertyDefaultsPostProcessor - Devtools property defaults active! Set 'spring.devtools.add-properties' to 'false' to disable
2025-10-30 18:51:25.166 [restartedMain] INFO  o.s.b.d.e.DevToolsPropertyDefaultsPostProcessor - For additional web related logging consider setting the 'logging.level.web' property to 'DEBUG'
2025-10-30 18:51:26.151 [restartedMain] INFO  o.s.d.r.c.RepositoryConfigurationDelegate - Bootstrapping Spring Data JPA repositories in DEFAULT mode.
2025-10-30 18:51:26.257 [restartedMain] INFO  o.s.d.r.c.RepositoryConfigurationDelegate - Finished Spring Data repository scanning in 93 ms. Found 9 JPA repository interfaces.
2025-10-30 18:51:27.072 [restartedMain] INFO  o.s.b.w.e.tomcat.TomcatWebServer - Tomcat initialized with port 8080 (http)
2025-10-30 18:51:27.089 [restartedMain] INFO  o.a.coyote.http11.Http11NioProtocol - Initializing ProtocolHandler ["http-nio-8080"]
2025-10-30 18:51:27.092 [restartedMain] INFO  o.a.catalina.core.StandardService - Starting service [Tomcat]
2025-10-30 18:51:27.093 [restartedMain] INFO  o.a.catalina.core.StandardEngine - Starting Servlet engine: [Apache Tomcat/10.1.43]
2025-10-30 18:51:27.148 [restartedMain] INFO  o.a.c.c.C.[Tomcat].[localhost].[/] - Initializing Spring embedded WebApplicationContext
2025-10-30 18:51:27.149 [restartedMain] INFO  o.s.b.w.s.c.ServletWebServerApplicationContext - Root WebApplicationContext: initialization completed in 1983 ms
2025-10-30 18:51:27.428 [restartedMain] INFO  o.h.jpa.internal.util.LogHelper - HHH000204: Processing PersistenceUnitInfo [name: default]
2025-10-30 18:51:27.529 [restartedMain] INFO  org.hibernate.Version - HHH000412: Hibernate ORM core version 6.6.22.Final
2025-10-30 18:51:27.574 [restartedMain] INFO  o.h.c.i.RegionFactoryInitiator - HHH000026: Second-level cache disabled
2025-10-30 18:51:27.883 [restartedMain] INFO  o.s.o.j.p.SpringPersistenceUnitInfo - No LoadTimeWeaver setup: ignoring JPA class transformer
2025-10-30 18:51:27.917 [restartedMain] INFO  com.zaxxer.hikari.HikariDataSource - HikariPool-1 - Starting...
2025-10-30 18:51:28.136 [restartedMain] INFO  com.zaxxer.hikari.pool.HikariPool - HikariPool-1 - Added connection conn0: url=jdbc:h2:mem:h2db user=SA
2025-10-30 18:51:28.140 [restartedMain] INFO  com.zaxxer.hikari.HikariDataSource - HikariPool-1 - Start completed.
2025-10-30 18:51:28.170 [restartedMain] WARN  org.hibernate.orm.deprecation - HHH90000025: H2Dialect does not need to be specified explicitly using 'hibernate.dialect' (remove the property setting and it will be selected by default)
2025-10-30 18:51:28.195 [restartedMain] INFO  o.hibernate.orm.connections.pooling - HHH10001005: Database info:
	Database JDBC URL [Connecting through datasource 'HikariDataSource (HikariPool-1)']
	Database driver: undefined/unknown
	Database version: 2.3.232
	Autocommit mode: undefined/unknown
	Isolation level: undefined/unknown
	Minimum pool size: undefined/unknown
	Maximum pool size: undefined/unknown
2025-10-30 18:51:29.479 [restartedMain] INFO  o.h.e.t.j.p.i.JtaPlatformInitiator - HHH000489: No JTA platform available (set 'hibernate.transaction.jta.platform' to enable JTA platform integration)
2025-10-30 18:51:29.599 [restartedMain] INFO  o.s.o.j.LocalContainerEntityManagerFactoryBean - Initialized JPA EntityManagerFactory for persistence unit 'default'
2025-10-30 18:51:30.010 [restartedMain] INFO  o.s.d.j.r.query.QueryEnhancerFactory - Hibernate is in classpath; If applicable, HQL parser will be used.
2025-10-30 18:51:34.447 [restartedMain] WARN  o.s.b.a.o.j.JpaBaseConfiguration$JpaWebConfiguration - spring.jpa.open-in-view is enabled by default. Therefore, database queries may be performed during view rendering. Explicitly configure spring.jpa.open-in-view to disable this warning
2025-10-30 18:51:34.477 [restartedMain] INFO  o.s.b.a.w.s.WelcomePageHandlerMapping - Adding welcome page template: index
2025-10-30 18:51:34.680 [restartedMain] INFO  o.s.s.c.a.a.c.InitializeAuthenticationProviderBeanManagerConfigurer$InitializeAuthenticationProviderManagerConfigurer - Global AuthenticationManager configured with AuthenticationProvider bean with name authenticationProvider
2025-10-30 18:51:34.681 [restartedMain] WARN  o.s.s.c.a.a.c.InitializeUserDetailsBeanManagerConfigurer$InitializeUserDetailsManagerConfigurer - Global AuthenticationManager configured with an AuthenticationProvider bean. UserDetailsService beans will not be used by Spring Security for automatically configuring username/password login. Consider removing the AuthenticationProvider bean. Alternatively, consider using the UserDetailsService in a manually instantiated DaoAuthenticationProvider. If the current configuration is intentional, to turn off this warning, increase the logging level of 'org.springframework.security.config.annotation.authentication.configuration.InitializeUserDetailsBeanManagerConfigurer' to ERROR
2025-10-30 18:51:35.119 [restartedMain] INFO  o.s.b.a.h.H2ConsoleAutoConfiguration - H2 console available at '/h2-console'. Database available at 'jdbc:h2:mem:h2db'
2025-10-30 18:51:35.232 [restartedMain] INFO  o.s.b.d.a.OptionalLiveReloadServer - LiveReload server is running on port 35729
2025-10-30 18:51:35.289 [restartedMain] INFO  o.a.coyote.http11.Http11NioProtocol - Starting ProtocolHandler ["http-nio-8080"]
2025-10-30 18:51:35.306 [restartedMain] INFO  o.s.b.w.e.tomcat.TomcatWebServer - Tomcat started on port 8080 (http) with context path '/'
2025-10-30 18:51:35.330 [restartedMain] INFO  com.gmail.demo.GmailApplication - Started GmailApplication in 10.813 seconds (process running for 11.874)
2025-10-30 18:55:16.847 [http-nio-8080-exec-1] INFO  o.a.c.c.C.[Tomcat].[localhost].[/] - Initializing Spring DispatcherServlet 'dispatcherServlet'
2025-10-30 18:55:16.848 [http-nio-8080-exec-1] INFO  o.s.web.servlet.DispatcherServlet - Initializing Servlet 'dispatcherServlet'
2025-10-30 18:55:16.852 [http-nio-8080-exec-1] INFO  o.s.web.servlet.DispatcherServlet - Completed initialization in 4 ms
2025-10-30 19:01:18.729 [http-nio-8080-exec-6] INFO  c.g.demo.Controller.EmailController - getLabelList (+)
2025-10-30 19:01:18.740 [http-nio-8080-exec-8] INFO  c.g.demo.Controller.EmailController - mailData (+)
2025-10-30 19:01:18.741 [http-nio-8080-exec-8] INFO  c.g.demo.service.api.EmailService - fetchEmails (+)
2025-10-30 19:01:18.746 [http-nio-8080-exec-8] INFO  c.g.demo.service.api.EmailService - fetchEmails param : folder : + INBOX/personal, page : 0, size : 50
2025-10-30 19:01:18.749 [http-nio-8080-exec-8] INFO  c.g.demo.service.api.EmailService - fetchEmails : personal and inbox mails
2025-10-30 19:01:18.832 [http-nio-8080-exec-8] INFO  c.g.demo.service.api.EmailService - fetchEmails : mails.getTotalElements() 2
2025-10-30 19:01:18.836 [http-nio-8080-exec-8] INFO  c.g.demo.service.api.EmailService - fetchEmails : mails Page 1 of 1 containing com.gmail.demo.entity.EmailMetadata instances
2025-10-30 19:01:18.837 [http-nio-8080-exec-8] INFO  c.g.demo.service.api.EmailService - fetchEmails (-)
2025-10-30 19:01:18.837 [http-nio-8080-exec-8] INFO  c.g.demo.Controller.EmailController - mailData (-)
2025-10-30 19:01:18.994 [http-nio-8080-exec-10] INFO  c.g.demo.Controller.EmailController - syncFolder (+)
2025-10-30 19:01:18.995 [http-nio-8080-exec-10] INFO  c.g.demo.service.api.EmailService - callSyncFolder (+)
2025-10-30 19:01:18.996 [http-nio-8080-exec-10] INFO  c.g.demo.service.api.EmailService - callSyncFolder param : folderName INBOX/personal
2025-10-30 19:01:20.369 [http-nio-8080-exec-6] INFO  c.g.demo.Controller.EmailController - getLabelList (-)
2025-10-30 19:01:20.381 [http-nio-8080-exec-4] INFO  c.g.demo.Controller.EmailController - getLabelList (+)
2025-10-30 19:01:22.043 [http-nio-8080-exec-4] INFO  c.g.demo.Controller.EmailController - getLabelList (-)
2025-10-30 19:01:24.050 [http-nio-8080-exec-10] INFO  c.g.demo.service.api.EmailService - callSyncFolder (-)
2025-10-30 19:01:24.051 [http-nio-8080-exec-10] INFO  c.g.demo.Controller.EmailController - syncFolder (-)
2025-10-30 19:01:40.449 [http-nio-8080-exec-7] INFO  c.g.demo.Controller.EmailController - getLabelList (+)
2025-10-30 19:01:40.454 [http-nio-8080-exec-3] INFO  c.g.demo.Controller.EmailController - mailData (+)
2025-10-30 19:01:40.454 [http-nio-8080-exec-3] INFO  c.g.demo.service.api.EmailService - fetchEmails (+)
2025-10-30 19:01:40.454 [http-nio-8080-exec-3] INFO  c.g.demo.service.api.EmailService - fetchEmails param : folder : + INBOX/personal, page : 0, size : 50
2025-10-30 19:01:40.454 [http-nio-8080-exec-3] INFO  c.g.demo.service.api.EmailService - fetchEmails : personal and inbox mails
2025-10-30 19:01:40.467 [http-nio-8080-exec-3] INFO  c.g.demo.service.api.EmailService - fetchEmails : mails.getTotalElements() 2
2025-10-30 19:01:40.467 [http-nio-8080-exec-3] INFO  c.g.demo.service.api.EmailService - fetchEmails : mails Page 1 of 1 containing com.gmail.demo.entity.EmailMetadata instances
2025-10-30 19:01:40.474 [http-nio-8080-exec-3] INFO  c.g.demo.service.api.EmailService - fetchEmails (-)
2025-10-30 19:01:40.474 [http-nio-8080-exec-3] INFO  c.g.demo.Controller.EmailController - mailData (-)
2025-10-30 19:01:40.499 [http-nio-8080-exec-2] INFO  c.g.demo.Controller.EmailController - syncFolder (+)
2025-10-30 19:01:40.501 [http-nio-8080-exec-2] INFO  c.g.demo.service.api.EmailService - callSyncFolder (+)
2025-10-30 19:01:40.502 [http-nio-8080-exec-2] INFO  c.g.demo.service.api.EmailService - callSyncFolder param : folderName INBOX/personal
2025-10-30 19:01:42.086 [http-nio-8080-exec-7] INFO  c.g.demo.Controller.EmailController - getLabelList (-)
2025-10-30 19:01:42.096 [http-nio-8080-exec-8] INFO  c.g.demo.Controller.EmailController - getLabelList (+)
2025-10-30 19:01:43.734 [http-nio-8080-exec-8] INFO  c.g.demo.Controller.EmailController - getLabelList (-)
2025-10-30 19:01:46.127 [http-nio-8080-exec-2] INFO  c.g.demo.service.api.EmailService - callSyncFolder (-)
2025-10-30 19:01:46.128 [http-nio-8080-exec-2] INFO  c.g.demo.Controller.EmailController - syncFolder (-)
2025-10-30 19:02:42.139 [http-nio-8080-exec-5] INFO  c.g.demo.Controller.EmailController - mailData (+)
2025-10-30 19:02:42.143 [http-nio-8080-exec-5] INFO  c.g.demo.service.api.EmailService - fetchEmails (+)
2025-10-30 19:02:42.143 [http-nio-8080-exec-5] INFO  c.g.demo.service.api.EmailService - fetchEmails param : folder : + INBOX/personal, page : 0, size : 50
2025-10-30 19:02:42.144 [http-nio-8080-exec-5] INFO  c.g.demo.service.api.EmailService - fetchEmails : personal and inbox mails
2025-10-30 19:02:42.147 [http-nio-8080-exec-3] INFO  c.g.demo.Controller.EmailController - getLabelList (+)
2025-10-30 19:02:42.151 [http-nio-8080-exec-5] INFO  c.g.demo.service.api.EmailService - fetchEmails : mails.getTotalElements() 2
2025-10-30 19:02:42.154 [http-nio-8080-exec-5] INFO  c.g.demo.service.api.EmailService - fetchEmails : mails Page 1 of 1 containing com.gmail.demo.entity.EmailMetadata instances
2025-10-30 19:02:42.155 [http-nio-8080-exec-5] INFO  c.g.demo.service.api.EmailService - fetchEmails (-)
2025-10-30 19:02:42.158 [http-nio-8080-exec-5] INFO  c.g.demo.Controller.EmailController - mailData (-)
2025-10-30 19:02:42.191 [http-nio-8080-exec-7] INFO  c.g.demo.Controller.EmailController - syncFolder (+)
2025-10-30 19:02:42.191 [http-nio-8080-exec-7] INFO  c.g.demo.service.api.EmailService - callSyncFolder (+)
2025-10-30 19:02:42.192 [http-nio-8080-exec-7] INFO  c.g.demo.service.api.EmailService - callSyncFolder param : folderName INBOX/personal
2025-10-30 19:02:43.815 [http-nio-8080-exec-3] INFO  c.g.demo.Controller.EmailController - getLabelList (-)
2025-10-30 19:02:43.824 [http-nio-8080-exec-8] INFO  c.g.demo.Controller.EmailController - getLabelList (+)
2025-10-30 19:02:45.412 [http-nio-8080-exec-8] INFO  c.g.demo.Controller.EmailController - getLabelList (-)
2025-10-30 19:02:53.556 [http-nio-8080-exec-7] INFO  c.g.demo.service.api.EmailService - callSyncFolder (-)
2025-10-30 19:02:53.556 [http-nio-8080-exec-7] INFO  c.g.demo.Controller.EmailController - syncFolder (-)
2025-10-30 19:03:49.597 [http-nio-8080-exec-1] INFO  c.g.demo.Controller.EmailController - getLabelList (+)
2025-10-30 19:03:51.554 [http-nio-8080-exec-1] INFO  c.g.demo.Controller.EmailController - getLabelList (-)
2025-10-30 19:03:53.729 [http-nio-8080-exec-7] INFO  c.g.demo.Controller.EmailController - getLabelList (+)
2025-10-30 19:03:53.738 [http-nio-8080-exec-6] INFO  c.g.demo.Controller.EmailController - mailData (+)
2025-10-30 19:03:53.743 [http-nio-8080-exec-6] INFO  c.g.demo.service.api.EmailService - fetchEmails (+)
2025-10-30 19:03:53.744 [http-nio-8080-exec-6] INFO  c.g.demo.service.api.EmailService - fetchEmails param : folder : + INBOX/personal, page : 0, size : 50
2025-10-30 19:03:53.744 [http-nio-8080-exec-6] INFO  c.g.demo.service.api.EmailService - fetchEmails : personal and inbox mails
2025-10-30 19:03:53.756 [http-nio-8080-exec-6] INFO  c.g.demo.service.api.EmailService - fetchEmails : mails.getTotalElements() 2
2025-10-30 19:03:53.756 [http-nio-8080-exec-6] INFO  c.g.demo.service.api.EmailService - fetchEmails : mails Page 1 of 1 containing com.gmail.demo.entity.EmailMetadata instances
2025-10-30 19:03:53.756 [http-nio-8080-exec-6] INFO  c.g.demo.service.api.EmailService - fetchEmails (-)
2025-10-30 19:03:53.756 [http-nio-8080-exec-6] INFO  c.g.demo.Controller.EmailController - mailData (-)
2025-10-30 19:03:53.838 [http-nio-8080-exec-4] INFO  c.g.demo.Controller.EmailController - syncFolder (+)
2025-10-30 19:03:53.841 [http-nio-8080-exec-4] INFO  c.g.demo.service.api.EmailService - callSyncFolder (+)
2025-10-30 19:03:53.841 [http-nio-8080-exec-4] INFO  c.g.demo.service.api.EmailService - callSyncFolder param : folderName INBOX/personal
2025-10-30 19:03:55.383 [http-nio-8080-exec-7] INFO  c.g.demo.Controller.EmailController - getLabelList (-)
2025-10-30 19:03:55.395 [http-nio-8080-exec-10] INFO  c.g.demo.Controller.EmailController - getLabelList (+)
2025-10-30 19:03:57.040 [http-nio-8080-exec-10] INFO  c.g.demo.Controller.EmailController - getLabelList (-)
2025-10-30 19:03:59.266 [http-nio-8080-exec-4] INFO  c.g.demo.service.api.EmailService - callSyncFolder (-)
2025-10-30 19:03:59.266 [http-nio-8080-exec-4] INFO  c.g.demo.Controller.EmailController - syncFolder (-)
2025-10-30 19:04:41.212 [http-nio-8080-exec-6] INFO  c.g.demo.Controller.EmailController - getLabelList (+)
2025-10-30 19:04:41.211 [http-nio-8080-exec-2] INFO  c.g.demo.Controller.EmailController - mailData (+)
2025-10-30 19:04:41.218 [http-nio-8080-exec-2] INFO  c.g.demo.service.api.EmailService - fetchEmails (+)
2025-10-30 19:04:41.218 [http-nio-8080-exec-2] INFO  c.g.demo.service.api.EmailService - fetchEmails param : folder : + INBOX/personal, page : 0, size : 50
2025-10-30 19:04:41.219 [http-nio-8080-exec-2] INFO  c.g.demo.service.api.EmailService - fetchEmails : personal and inbox mails
2025-10-30 19:04:41.220 [http-nio-8080-exec-2] INFO  c.g.demo.service.api.EmailService - fetchEmails : mails.getTotalElements() 2
2025-10-30 19:04:41.220 [http-nio-8080-exec-2] INFO  c.g.demo.service.api.EmailService - fetchEmails : mails Page 1 of 1 containing com.gmail.demo.entity.EmailMetadata instances
2025-10-30 19:04:41.221 [http-nio-8080-exec-2] INFO  c.g.demo.service.api.EmailService - fetchEmails (-)
2025-10-30 19:04:41.221 [http-nio-8080-exec-2] INFO  c.g.demo.Controller.EmailController - mailData (-)
2025-10-30 19:04:41.276 [http-nio-8080-exec-7] INFO  c.g.demo.Controller.EmailController - syncFolder (+)
2025-10-30 19:04:41.276 [http-nio-8080-exec-7] INFO  c.g.demo.service.api.EmailService - callSyncFolder (+)
2025-10-30 19:04:41.276 [http-nio-8080-exec-7] INFO  c.g.demo.service.api.EmailService - callSyncFolder param : folderName INBOX/personal
2025-10-30 19:04:42.930 [http-nio-8080-exec-6] INFO  c.g.demo.Controller.EmailController - getLabelList (-)
2025-10-30 19:04:42.939 [http-nio-8080-exec-10] INFO  c.g.demo.Controller.EmailController - getLabelList (+)
2025-10-30 19:04:44.934 [http-nio-8080-exec-10] INFO  c.g.demo.Controller.EmailController - getLabelList (-)
2025-10-30 19:04:49.684 [http-nio-8080-exec-7] INFO  c.g.demo.service.api.EmailService - callSyncFolder (-)
2025-10-30 19:04:49.685 [http-nio-8080-exec-7] INFO  c.g.demo.Controller.EmailController - syncFolder (-)
