2025-10-30 18:44:18.844 [restartedMain] INFO  com.gmail.demo.GmailApplication - Starting GmailApplication using Java 21.0.8 with PID 809531 (/home/sneha/repo/Gmail/target/classes started by sneha in /home/sneha/repo/Gmail)
2025-10-30 18:44:18.846 [restartedMain] INFO  com.gmail.demo.GmailApplication - No active profile set, falling back to 1 default profile: "default"
2025-10-30 18:44:18.904 [restartedMain] INFO  o.s.b.d.e.DevToolsPropertyDefaultsPostProcessor - Devtools property defaults active! Set 'spring.devtools.add-properties' to 'false' to disable
2025-10-30 18:44:18.904 [restartedMain] INFO  o.s.b.d.e.DevToolsPropertyDefaultsPostProcessor - For additional web related logging consider setting the 'logging.level.web' property to 'DEBUG'
2025-10-30 18:44:19.923 [restartedMain] INFO  o.s.d.r.c.RepositoryConfigurationDelegate - Bootstrapping Spring Data JPA repositories in DEFAULT mode.
2025-10-30 18:44:20.034 [restartedMain] INFO  o.s.d.r.c.RepositoryConfigurationDelegate - Finished Spring Data repository scanning in 100 ms. Found 9 JPA repository interfaces.
2025-10-30 18:44:20.893 [restartedMain] INFO  o.s.b.w.e.tomcat.TomcatWebServer - Tomcat initialized with port 8080 (http)
2025-10-30 18:44:20.909 [restartedMain] INFO  o.a.coyote.http11.Http11NioProtocol - Initializing ProtocolHandler ["http-nio-8080"]
2025-10-30 18:44:20.911 [restartedMain] INFO  o.a.catalina.core.StandardService - Starting service [Tomcat]
2025-10-30 18:44:20.912 [restartedMain] INFO  o.a.catalina.core.StandardEngine - Starting Servlet engine: [Apache Tomcat/10.1.43]
2025-10-30 18:44:20.961 [restartedMain] INFO  o.a.c.c.C.[Tomcat].[localhost].[/] - Initializing Spring embedded WebApplicationContext
2025-10-30 18:44:20.962 [restartedMain] INFO  o.s.b.w.s.c.ServletWebServerApplicationContext - Root WebApplicationContext: initialization completed in 2057 ms
2025-10-30 18:44:21.230 [restartedMain] INFO  o.h.jpa.internal.util.LogHelper - HHH000204: Processing PersistenceUnitInfo [name: default]
2025-10-30 18:44:21.288 [restartedMain] INFO  org.hibernate.Version - HHH000412: Hibernate ORM core version 6.6.22.Final
2025-10-30 18:44:21.372 [restartedMain] INFO  o.h.c.i.RegionFactoryInitiator - HHH000026: Second-level cache disabled
2025-10-30 18:44:21.718 [restartedMain] INFO  o.s.o.j.p.SpringPersistenceUnitInfo - No LoadTimeWeaver setup: ignoring JPA class transformer
2025-10-30 18:44:21.752 [restartedMain] INFO  com.zaxxer.hikari.HikariDataSource - HikariPool-1 - Starting...
2025-10-30 18:44:21.977 [restartedMain] INFO  com.zaxxer.hikari.pool.HikariPool - HikariPool-1 - Added connection conn0: url=jdbc:h2:mem:h2db user=SA
2025-10-30 18:44:21.980 [restartedMain] INFO  com.zaxxer.hikari.HikariDataSource - HikariPool-1 - Start completed.
2025-10-30 18:44:22.008 [restartedMain] WARN  org.hibernate.orm.deprecation - HHH90000025: H2Dialect does not need to be specified explicitly using 'hibernate.dialect' (remove the property setting and it will be selected by default)
2025-10-30 18:44:22.032 [restartedMain] INFO  o.hibernate.orm.connections.pooling - HHH10001005: Database info:
	Database JDBC URL [Connecting through datasource 'HikariDataSource (HikariPool-1)']
	Database driver: undefined/unknown
	Database version: 2.3.232
	Autocommit mode: undefined/unknown
	Isolation level: undefined/unknown
	Minimum pool size: undefined/unknown
	Maximum pool size: undefined/unknown
2025-10-30 18:44:23.336 [restartedMain] INFO  o.h.e.t.j.p.i.JtaPlatformInitiator - HHH000489: No JTA platform available (set 'hibernate.transaction.jta.platform' to enable JTA platform integration)
2025-10-30 18:44:23.532 [restartedMain] INFO  o.s.o.j.LocalContainerEntityManagerFactoryBean - Initialized JPA EntityManagerFactory for persistence unit 'default'
2025-10-30 18:44:23.996 [restartedMain] INFO  o.s.d.j.r.query.QueryEnhancerFactory - Hibernate is in classpath; If applicable, HQL parser will be used.
2025-10-30 18:44:29.250 [restartedMain] WARN  o.s.b.a.o.j.JpaBaseConfiguration$JpaWebConfiguration - spring.jpa.open-in-view is enabled by default. Therefore, database queries may be performed during view rendering. Explicitly configure spring.jpa.open-in-view to disable this warning
2025-10-30 18:44:29.281 [restartedMain] INFO  o.s.b.a.w.s.WelcomePageHandlerMapping - Adding welcome page template: index
2025-10-30 18:44:29.523 [restartedMain] INFO  o.s.s.c.a.a.c.InitializeAuthenticationProviderBeanManagerConfigurer$InitializeAuthenticationProviderManagerConfigurer - Global AuthenticationManager configured with AuthenticationProvider bean with name authenticationProvider
2025-10-30 18:44:29.524 [restartedMain] WARN  o.s.s.c.a.a.c.InitializeUserDetailsBeanManagerConfigurer$InitializeUserDetailsManagerConfigurer - Global AuthenticationManager configured with an AuthenticationProvider bean. UserDetailsService beans will not be used by Spring Security for automatically configuring username/password login. Consider removing the AuthenticationProvider bean. Alternatively, consider using the UserDetailsService in a manually instantiated DaoAuthenticationProvider. If the current configuration is intentional, to turn off this warning, increase the logging level of 'org.springframework.security.config.annotation.authentication.configuration.InitializeUserDetailsBeanManagerConfigurer' to ERROR
2025-10-30 18:44:30.016 [restartedMain] INFO  o.s.b.a.h.H2ConsoleAutoConfiguration - H2 console available at '/h2-console'. Database available at 'jdbc:h2:mem:h2db'
2025-10-30 18:44:30.093 [restartedMain] INFO  o.s.b.d.a.OptionalLiveReloadServer - LiveReload server is running on port 35729
2025-10-30 18:44:30.121 [restartedMain] INFO  o.a.coyote.http11.Http11NioProtocol - Starting ProtocolHandler ["http-nio-8080"]
2025-10-30 18:44:30.143 [restartedMain] INFO  o.s.b.w.e.tomcat.TomcatWebServer - Tomcat started on port 8080 (http) with context path '/'
2025-10-30 18:44:30.154 [restartedMain] INFO  com.gmail.demo.GmailApplication - Started GmailApplication in 11.872 seconds (process running for 12.811)
2025-10-30 18:47:55.467 [http-nio-8080-exec-1] INFO  o.a.c.c.C.[Tomcat].[localhost].[/] - Initializing Spring DispatcherServlet 'dispatcherServlet'
2025-10-30 18:47:55.468 [http-nio-8080-exec-1] INFO  o.s.web.servlet.DispatcherServlet - Initializing Servlet 'dispatcherServlet'
2025-10-30 18:47:55.471 [http-nio-8080-exec-1] INFO  o.s.web.servlet.DispatcherServlet - Completed initialization in 3 ms
2025-10-30 18:48:43.664 [http-nio-8080-exec-1] INFO  c.g.demo.Controller.EmailController - getLabelList (+)
2025-10-30 18:48:43.668 [http-nio-8080-exec-10] INFO  c.g.demo.Controller.EmailController - mailData (+)
2025-10-30 18:48:43.668 [http-nio-8080-exec-10] INFO  c.g.demo.service.api.EmailService - fetchEmails (+)
2025-10-30 18:48:43.678 [http-nio-8080-exec-10] INFO  c.g.demo.service.api.EmailService - fetchEmails param : folder : + INBOX/personal, page : 0, size : 50
2025-10-30 18:48:43.683 [http-nio-8080-exec-10] INFO  c.g.demo.service.api.EmailService - fetchEmails : personal and inbox mails
2025-10-30 18:48:43.761 [http-nio-8080-exec-10] INFO  c.g.demo.service.api.EmailService - fetchEmails : mails.getTotalElements() 2
2025-10-30 18:48:43.762 [http-nio-8080-exec-10] INFO  c.g.demo.service.api.EmailService - fetchEmails : mails Page 1 of 1 containing com.gmail.demo.entity.EmailMetadata instances
2025-10-30 18:48:43.765 [http-nio-8080-exec-10] INFO  c.g.demo.service.api.EmailService - fetchEmails (-)
2025-10-30 18:48:43.768 [http-nio-8080-exec-10] INFO  c.g.demo.Controller.EmailController - mailData (-)
2025-10-30 18:48:43.934 [http-nio-8080-exec-4] INFO  c.g.demo.Controller.EmailController - syncFolder (+)
2025-10-30 18:48:43.934 [http-nio-8080-exec-4] INFO  c.g.demo.service.api.EmailService - callSyncFolder (+)
2025-10-30 18:48:43.934 [http-nio-8080-exec-4] INFO  c.g.demo.service.api.EmailService - callSyncFolder param : folderName INBOX/personal
2025-10-30 18:48:45.332 [http-nio-8080-exec-1] INFO  c.g.demo.Controller.EmailController - getLabelList (-)
2025-10-30 18:48:45.349 [http-nio-8080-exec-2] INFO  c.g.demo.Controller.EmailController - getLabelList (+)
2025-10-30 18:48:46.969 [http-nio-8080-exec-2] INFO  c.g.demo.Controller.EmailController - getLabelList (-)
2025-10-30 18:49:02.323 [http-nio-8080-exec-4] INFO  c.g.demo.service.api.EmailService - callSyncFolder (-)
2025-10-30 18:49:02.324 [http-nio-8080-exec-4] INFO  c.g.demo.Controller.EmailController - syncFolder (-)
2025-10-30 18:49:53.483 [http-nio-8080-exec-1] INFO  c.g.demo.Controller.EmailController - mailData (+)
2025-10-30 18:49:53.484 [http-nio-8080-exec-1] INFO  c.g.demo.service.api.EmailService - fetchEmails (+)
2025-10-30 18:49:53.484 [http-nio-8080-exec-1] INFO  c.g.demo.service.api.EmailService - fetchEmails param : folder : + INBOX/personal, page : 0, size : 50
2025-10-30 18:49:53.485 [http-nio-8080-exec-1] INFO  c.g.demo.service.api.EmailService - fetchEmails : personal and inbox mails
2025-10-30 18:49:53.480 [http-nio-8080-exec-10] INFO  c.g.demo.Controller.EmailController - getLabelList (+)
2025-10-30 18:49:53.503 [http-nio-8080-exec-1] INFO  c.g.demo.service.api.EmailService - fetchEmails : mails.getTotalElements() 2
2025-10-30 18:49:53.504 [http-nio-8080-exec-1] INFO  c.g.demo.service.api.EmailService - fetchEmails : mails Page 1 of 1 containing com.gmail.demo.entity.EmailMetadata instances
2025-10-30 18:49:53.507 [http-nio-8080-exec-1] INFO  c.g.demo.service.api.EmailService - fetchEmails (-)
2025-10-30 18:49:53.508 [http-nio-8080-exec-1] INFO  c.g.demo.Controller.EmailController - mailData (-)
2025-10-30 18:49:53.539 [http-nio-8080-exec-2] INFO  c.g.demo.Controller.EmailController - syncFolder (+)
2025-10-30 18:49:53.541 [http-nio-8080-exec-2] INFO  c.g.demo.service.api.EmailService - callSyncFolder (+)
2025-10-30 18:49:53.541 [http-nio-8080-exec-2] INFO  c.g.demo.service.api.EmailService - callSyncFolder param : folderName INBOX/personal
2025-10-30 18:49:55.156 [http-nio-8080-exec-10] INFO  c.g.demo.Controller.EmailController - getLabelList (-)
2025-10-30 18:49:55.170 [http-nio-8080-exec-3] INFO  c.g.demo.Controller.EmailController - getLabelList (+)
2025-10-30 18:49:57.060 [http-nio-8080-exec-3] INFO  c.g.demo.Controller.EmailController - getLabelList (-)
2025-10-30 18:49:58.980 [http-nio-8080-exec-2] INFO  c.g.demo.service.api.EmailService - callSyncFolder (-)
2025-10-30 18:49:58.980 [http-nio-8080-exec-2] INFO  c.g.demo.Controller.EmailController - syncFolder (-)
2025-10-30 18:50:06.926 [http-nio-8080-exec-7] INFO  c.g.demo.Controller.EmailController - mailData (+)
2025-10-30 18:50:06.927 [http-nio-8080-exec-7] INFO  c.g.demo.service.api.EmailService - fetchEmails (+)
2025-10-30 18:50:06.927 [http-nio-8080-exec-7] INFO  c.g.demo.service.api.EmailService - fetchEmails param : folder : + INBOX/personal, page : 0, size : 50
2025-10-30 18:50:06.927 [http-nio-8080-exec-7] INFO  c.g.demo.service.api.EmailService - fetchEmails : personal and inbox mails
2025-10-30 18:50:06.932 [http-nio-8080-exec-7] INFO  c.g.demo.service.api.EmailService - fetchEmails : mails.getTotalElements() 2
2025-10-30 18:50:06.945 [http-nio-8080-exec-7] INFO  c.g.demo.service.api.EmailService - fetchEmails : mails Page 1 of 1 containing com.gmail.demo.entity.EmailMetadata instances
2025-10-30 18:50:06.945 [http-nio-8080-exec-7] INFO  c.g.demo.service.api.EmailService - fetchEmails (-)
2025-10-30 18:50:06.945 [http-nio-8080-exec-7] INFO  c.g.demo.Controller.EmailController - mailData (-)
2025-10-30 18:50:06.960 [http-nio-8080-exec-8] INFO  c.g.demo.Controller.EmailController - getLabelList (+)
2025-10-30 18:50:06.996 [http-nio-8080-exec-9] INFO  c.g.demo.Controller.EmailController - syncFolder (+)
2025-10-30 18:50:06.997 [http-nio-8080-exec-9] INFO  c.g.demo.service.api.EmailService - callSyncFolder (+)
2025-10-30 18:50:06.997 [http-nio-8080-exec-9] INFO  c.g.demo.service.api.EmailService - callSyncFolder param : folderName INBOX/personal
2025-10-30 18:50:08.670 [http-nio-8080-exec-8] INFO  c.g.demo.Controller.EmailController - getLabelList (-)
2025-10-30 18:50:08.686 [http-nio-8080-exec-1] INFO  c.g.demo.Controller.EmailController - getLabelList (+)
2025-10-30 18:50:10.247 [http-nio-8080-exec-1] INFO  c.g.demo.Controller.EmailController - getLabelList (-)
2025-10-30 18:50:20.565 [http-nio-8080-exec-9] INFO  c.g.demo.service.api.EmailService - callSyncFolder (-)
2025-10-30 18:50:20.565 [http-nio-8080-exec-9] INFO  c.g.demo.Controller.EmailController - syncFolder (-)
2025-10-30 18:51:14.898 [RMI TCP Connection(10)-127.0.0.1] INFO  o.s.b.a.SpringApplicationAdminMXBeanRegistrar$SpringApplicationAdmin - Application shutdown requested.
2025-10-30 18:51:14.905 [RMI TCP Connection(10)-127.0.0.1] INFO  o.s.b.w.e.tomcat.GracefulShutdown - Commencing graceful shutdown. Waiting for active requests to complete
2025-10-30 18:51:14.906 [tomcat-shutdown] INFO  o.a.coyote.http11.Http11NioProtocol - Pausing ProtocolHandler ["http-nio-8080"]
2025-10-30 18:51:14.908 [tomcat-shutdown] INFO  o.s.b.w.e.tomcat.GracefulShutdown - Graceful shutdown complete
2025-10-30 18:51:14.909 [RMI TCP Connection(10)-127.0.0.1] INFO  o.a.coyote.http11.Http11NioProtocol - Stopping ProtocolHandler ["http-nio-8080"]
2025-10-30 18:51:14.925 [RMI TCP Connection(10)-127.0.0.1] INFO  o.s.o.j.LocalContainerEntityManagerFactoryBean - Closing JPA EntityManagerFactory for persistence unit 'default'
2025-10-30 18:51:14.934 [RMI TCP Connection(10)-127.0.0.1] WARN  o.s.b.f.s.DisposableBeanAdapter - Invocation of destroy method failed on bean with name 'inMemoryDatabaseShutdownExecutor': org.h2.jdbc.JdbcSQLNonTransientConnectionException: Database is already closed (to disable automatic closing at VM shutdown, add ";DB_CLOSE_ON_EXIT=FALSE" to the db URL) [90121-232]
2025-10-30 18:51:14.936 [RMI TCP Connection(10)-127.0.0.1] INFO  com.zaxxer.hikari.HikariDataSource - HikariPool-1 - Shutdown initiated...
2025-10-30 18:51:14.938 [RMI TCP Connection(10)-127.0.0.1] INFO  com.zaxxer.hikari.HikariDataSource - HikariPool-1 - Shutdown completed.
